[Vanilla LSTM] Using GPU (CUDA) | runs=30  folds=5  tickers=10

[Vanilla LSTM] JKH.N0000
  RMSE  0.2289 ± 0.0026  |  MAE 0.1519  |  MAPE 0.89%  |  DA 0.4300
  TEST RMSE 0.2894 ± 0.0076

[Vanilla LSTM] COMB.N0000
  RMSE  1.4662 ± 0.0099  |  MAE 0.9838  |  MAPE 1.28%  |  DA 0.4283
  TEST RMSE 2.6875 ± 0.2779

[Vanilla LSTM] DIAL.N0000
  RMSE  0.1584 ± 0.0006  |  MAE 0.1120  |  MAPE 1.13%  |  DA 0.3406
  TEST RMSE 0.5555 ± 0.1568

[Vanilla LSTM] HNB.N0000
  RMSE  2.8452 ± 0.0223  |  MAE 1.9637  |  MAPE 1.31%  |  DA 0.4494
  TEST RMSE 5.8839 ± 0.6537

[Vanilla LSTM] LOLC.N0000
  RMSE  9.2034 ± 0.0639  |  MAE 6.3163  |  MAPE 1.47%  |  DA 0.4428
  TEST RMSE 10.0241 ± 0.4004

[Vanilla LSTM] SAMP.N0000
  RMSE  1.1532 ± 0.0061  |  MAE 0.8107  |  MAPE 1.36%  |  DA 0.4543
  TEST RMSE 1.8364 ± 0.0873

[Vanilla LSTM] NTB.N0000
  RMSE  1.7554 ± 0.0131  |  MAE 1.2076  |  MAPE 1.40%  |  DA 0.4201
  TEST RMSE 4.0689 ± 0.4175

[Vanilla LSTM] HHL.N0000
  RMSE  0.2192 ± 0.0008  |  MAE 0.1533  |  MAPE 1.08%  |  DA 0.4412
  TEST RMSE 0.4735 ± 0.0460

[Vanilla LSTM] DIST.N0000
  RMSE  0.4136 ± 0.0020  |  MAE 0.2891  |  MAPE 1.29%  |  DA 0.4122
  TEST RMSE 0.9936 ± 0.0345

[Vanilla LSTM] HAYL.N0000
  RMSE  1.6201 ± 0.0144  |  MAE 1.1483  |  MAPE 1.34%  |  DA 0.4648
  TEST RMSE 3.9445 ± 0.9225

Results saved to /home/shaveen/MOMFA-LSTM/src/baselines/../../results/baselines/vanilla_lstm.json

=================================================================
  Vanilla LSTM
=================================================================
  Ticker            RMSE       MAE    MAPE%       DA
  -------------------------------------------------------
  JKH       0.2289 ± 0.0026    0.1519     0.89   0.4300
  COMB      1.4662 ± 0.0099    0.9838     1.28   0.4283
  DIAL      0.1584 ± 0.0006    0.1120     1.13   0.3406
  HNB       2.8452 ± 0.0223    1.9637     1.31   0.4494
  LOLC      9.2034 ± 0.0639    6.3163     1.47   0.4428
  SAMP      1.1532 ± 0.0061    0.8107     1.36   0.4543
  NTB       1.7554 ± 0.0131    1.2076     1.40   0.4201
  HHL       0.2192 ± 0.0008    0.1533     1.08   0.4412
  DIST      0.4136 ± 0.0020    0.2891     1.29   0.4122
  HAYL      1.6201 ± 0.0144    1.1483     1.34   0.4648
  -------------------------------------------------------
  Average         1.9064    1.3137     1.26   0.4284
=================================================================

[logger] Table saved → /home/shaveen/MOMFA-LSTM/src/baselines/../utils/../../results/tables/vanilla_lstm.md
[visualizer] Saved → /home/shaveen/MOMFA-LSTM/src/baselines/../utils/../../results/figures/baselines/rmse_bar_comparison.png
[visualizer] Saved → /home/shaveen/MOMFA-LSTM/src/baselines/../utils/../../results/figures/baselines/rmse_boxplots.png
[visualizer] Saved → /home/shaveen/MOMFA-LSTM/src/baselines/../utils/../../results/figures/predictions/predictions_JKH.png
[visualizer] Saved → /home/shaveen/MOMFA-LSTM/src/baselines/../utils/../../results/figures/predictions/predictions_COMB.png
[visualizer] Saved → /home/shaveen/MOMFA-LSTM/src/baselines/../utils/../../results/figures/predictions/predictions_DIAL.png
[visualizer] Saved → /home/shaveen/MOMFA-LSTM/src/baselines/../utils/../../results/figures/predictions/predictions_HNB.png
[visualizer] Saved → /home/shaveen/MOMFA-LSTM/src/baselines/../utils/../../results/figures/predictions/predictions_LOLC.png
[visualizer] Saved → /home/shaveen/MOMFA-LSTM/src/baselines/../utils/../../results/figures/predictions/predictions_SAMP.png
[visualizer] Saved → /home/shaveen/MOMFA-LSTM/src/baselines/../utils/../../results/figures/predictions/predictions_NTB.png
[visualizer] Saved → /home/shaveen/MOMFA-LSTM/src/baselines/../utils/../../results/figures/predictions/predictions_HHL.png
[visualizer] Saved → /home/shaveen/MOMFA-LSTM/src/baselines/../utils/../../results/figures/predictions/predictions_DIST.png
[visualizer] Saved → /home/shaveen/MOMFA-LSTM/src/baselines/../utils/../../results/figures/predictions/predictions_HAYL.png
